reset
info off
echo off
journal off

#########.....................................Creating vertex points 
			
create vertex location 	0	0	0
create vertex location 	10	0	2
create vertex location 	20	0	6
create vertex location 	30	0	2
create vertex location 	40	0	5
create vertex location 	50	0	7
create vertex location 	60	0	8
create vertex location 	70	0	2
create vertex location 	80	0	15
create vertex location 	90	0	12
create vertex location 	100	0	20
create vertex location 	110	0	26
create vertex location 	120	0	23
create vertex location 	130	0	22
create vertex location 	140	0	21
create vertex location 	150	0	10
create vertex location 	160	0	6
create vertex location 	170	0	5
create vertex location 	180	0	4
create vertex location 	190	0	9
create vertex location 	200	0	8
create vertex location 	0	50	7
create vertex location 	10	50	1
create vertex location 	20	50	3
create vertex location 	30	50	5
create vertex location 	40	50	20
create vertex location 	50	50	20
create vertex location 	60	50	25
create vertex location 	70	50	34
create vertex location 	80	50	23
create vertex location 	90	50	5
create vertex location 	100	50	8
create vertex location 	110	50	26
create vertex location 	120	50	23
create vertex location 	130	50	22
create vertex location 	140	50	21
create vertex location 	150	50	10
create vertex location 	160	50	6
create vertex location 	170	50	5
create vertex location 	180	50	4
create vertex location 	190	50	9
create vertex location 	200	50	8
create vertex location 	0	100	8
create vertex location 	10	100	2
create vertex location 	20	100	22
create vertex location 	30	100	2
create vertex location 	40	100	5
create vertex location 	50	100	7
create vertex location 	60	100	5
create vertex location 	70	100	10
create vertex location 	80	100	12
create vertex location 	90	100	15
create vertex location 	100	100	18
create vertex location 	110	100	20
create vertex location 	120	100	23
create vertex location 	130	100	22
create vertex location 	140	100	21
create vertex location 	150	100	10
create vertex location 	160	100	6
create vertex location 	170	100	5
create vertex location 	180	100	4
create vertex location 	190	100	9
create vertex location 	200	100	25
create vertex location 	0	150	2
create vertex location 	10	150	2
create vertex location 	20	150	6
create vertex location 	30	150	10
create vertex location 	40	150	25
create vertex location 	50	150	28
create vertex location 	60	150	35
create vertex location 	70	150	46
create vertex location 	80	150	50
create vertex location 	90	150	35
create vertex location 	100	150	20
create vertex location 	110	150	26
create vertex location 	120	150	23
create vertex location 	130	150	22
create vertex location 	140	150	21
create vertex location 	150	150	10
create vertex location 	160	150	6
create vertex location 	170	150	5
create vertex location 	180	150	4
create vertex location 	190	150	9
create vertex location 	200	150	5
create vertex location 	0	200	15
create vertex location 	10	200	10
create vertex location 	20	200	15
create vertex location 	30	200	18
create vertex location 	40	200	20
create vertex location 	50	200	10
create vertex location 	60	200	8
create vertex location 	70	200	2
create vertex location 	80	200	15
create vertex location 	90	200	12
create vertex location 	100	200	20
create vertex location 	110	200	26
create vertex location 	120	200	23
create vertex location 	130	200	22
create vertex location 	140	200	21
create vertex location 	150	200	10
create vertex location 	160	200	6
create vertex location 	170	200	5
create vertex location 	180	200	4
create vertex location 	190	200	9
create vertex location 	200	200	8
create vertex location 	0	250	12
create vertex location 	10	250	2
create vertex location 	20	250	6
create vertex location 	30	250	2
create vertex location 	40	250	5
create vertex location 	50	250	7
create vertex location 	60	250	8
create vertex location 	70	250	2
create vertex location 	80	250	15
create vertex location 	90	250	12
create vertex location 	100	250	20
create vertex location 	110	250	26
create vertex location 	120	250	23
create vertex location 	130	250	22
create vertex location 	140	250	21
create vertex location 	150	250	10
create vertex location 	160	250	6
create vertex location 	170	250	5
create vertex location 	180	250	4
create vertex location 	190	250	9
create vertex location 	200	250	8
			

			
			
		


############-------------------------------------Creating curve out of vertices

create curve spline vertex 	1	to	21
create curve spline vertex 	22	to	42
create curve spline vertex 	43	to	63
create curve spline vertex 	64	to	84
create curve spline vertex 	85	to	105
create curve spline vertex 	106	to	126

###############-----------------------------------surface from curves
			
create surf skin curve 1 2 3 4 5 6		
delete vertex all
delete curve all

#########--------------------------------------Create volume

brick x 200 y 250 z 200

############---------------Move volume such that 1st corner matches 0 0 0

move vol 2 x 100 y 125 z -100

#########---------------------move topo_surface into the volume

move surf 1 z -100

########------------------webcut volume and remove upper volume
webcut vol 2 sweep surf 1 vector 0 0 1 through_all
delete vol 3 
delete surf all

############-----------meshing

imprint all
merge all
set default element tet
vol all size 10
mesh vol all
